Component: Arm Compiler for Embedded 6.18 Tool: armlink [5e4cc100]

==============================================================================

Section Cross References

    startup_stm32f407.o(STACK) refers (Special) to heapauxi.o(.text) for __use_two_region_memory
    startup_stm32f407.o(HEAP) refers (Special) to heapauxi.o(.text) for __use_two_region_memory
    startup_stm32f407.o(RESET) refers (Special) to heapauxi.o(.text) for __use_two_region_memory
    startup_stm32f407.o(RESET) refers to startup_stm32f407.o(STACK) for __initial_sp
    startup_stm32f407.o(RESET) refers to startup_stm32f407.o(.text) for Reset_Handler
    startup_stm32f407.o(RESET) refers to svc.o(mycode) for HardFault_Handler
    startup_stm32f407.o(.text) refers (Special) to heapauxi.o(.text) for __use_two_region_memory
    startup_stm32f407.o(.text) refers to svc.o(mycode) for start
    startup_stm32f407.o(.text) refers to startup_stm32f407.o(HEAP) for Heap_Mem
    startup_stm32f407.o(.text) refers to startup_stm32f407.o(STACK) for Stack_Mem


==============================================================================

Image Symbol Table

    Local Symbols

    Symbol Name                              Value     Ov Type        Size  Object(Section)

    ../../../Downloads/Armcortex-m4-main/startup_stm32f407.s 0x00000000   Number         0  startup_stm32f407.o ABSOLUTE
    ../clib/heapaux.c                        0x00000000   Number         0  heapauxi.o ABSOLUTE
    SVC.s                                    0x00000000   Number         0  svc.o ABSOLUTE
    dc.s                                     0x00000000   Number         0  dc.o ABSOLUTE
    RESET                                    0x08000000   Section      428  startup_stm32f407.o(RESET)
    $v0                                      0x080001ac   Number         0  startup_stm32f407.o(.text)
    .text                                    0x080001ac   Section       60  startup_stm32f407.o(.text)
    .text                                    0x080001e8   Section        0  heapauxi.o(.text)
    $v0                                      0x080001f0   Number         0  svc.o(mycode)
    mycode                                   0x080001f0   Section      106  svc.o(mycode)
    Heap_Mem                                 0x20000000   Data         512  startup_stm32f407.o(HEAP)
    HEAP                                     0x20000000   Section      512  startup_stm32f407.o(HEAP)
    Stack_Mem                                0x20000200   Data        1024  startup_stm32f407.o(STACK)
    STACK                                    0x20000200   Section     1024  startup_stm32f407.o(STACK)
    __initial_sp                             0x20000600   Data           0  startup_stm32f407.o(STACK)

    Global Symbols

    Symbol Name                              Value     Ov Type        Size  Object(Section)

    BuildAttributes$$THM_ISAv4$E$P$D$K$B$S$7EM$VFPi3$EXTD16$VFPS$VFMA$PE$A:L22UL41UL21$X:L11$S22US41US21$IEEE1$IW$~IW$USESV6$~STKCKD$USESV7$~SHL$OSPACE$ROPI$EBA8$STANDARDLIB$REQ8$EABIv2 0x00000000   Number         0  anon$$obj.o ABSOLUTE
    __Vectors_Size                           0x000001ac   Number         0  startup_stm32f407.o ABSOLUTE
    __Vectors                                0x08000000   Data           4  startup_stm32f407.o(RESET)
    Reset_Handler                            0x080001ad   Thumb Code     6  startup_stm32f407.o(.text)
    __Vectors_End                            0x080001ac   Data           0  startup_stm32f407.o(RESET)
    NMI_Handler                              0x080001b3   Thumb Code     2  startup_stm32f407.o(.text)
    MemManage_Handler                        0x080001b7   Thumb Code     2  startup_stm32f407.o(.text)
    BusFault_Handler                         0x080001b9   Thumb Code     2  startup_stm32f407.o(.text)
    UsageFault_Handler                       0x080001bb   Thumb Code     2  startup_stm32f407.o(.text)
    DebugMon_Handler                         0x080001bf   Thumb Code     2  startup_stm32f407.o(.text)
    PendSV_Handler                           0x080001c1   Thumb Code     2  startup_stm32f407.o(.text)
    SysTick_Handler                          0x080001c3   Thumb Code     2  startup_stm32f407.o(.text)
    ADC_IRQHandler                           0x080001c5   Thumb Code     0  startup_stm32f407.o(.text)
    CAN1_RX0_IRQHandler                      0x080001c5   Thumb Code     0  startup_stm32f407.o(.text)
    CAN1_RX1_IRQHandler                      0x080001c5   Thumb Code     0  startup_stm32f407.o(.text)
    CAN1_SCE_IRQHandler                      0x080001c5   Thumb Code     0  startup_stm32f407.o(.text)
    CAN1_TX_IRQHandler                       0x080001c5   Thumb Code     0  startup_stm32f407.o(.text)
    CAN2_RX0_IRQHandler                      0x080001c5   Thumb Code     0  startup_stm32f407.o(.text)
    CAN2_RX1_IRQHandler                      0x080001c5   Thumb Code     0  startup_stm32f407.o(.text)
    CAN2_SCE_IRQHandler                      0x080001c5   Thumb Code     0  startup_stm32f407.o(.text)
    CAN2_TX_IRQHandler                       0x080001c5   Thumb Code     0  startup_stm32f407.o(.text)
    CRYP_IRQHandler                          0x080001c5   Thumb Code     0  startup_stm32f407.o(.text)
    DCMI_IRQHandler                          0x080001c5   Thumb Code     0  startup_stm32f407.o(.text)
    DMA1_Stream0_IRQHandler                  0x080001c5   Thumb Code     0  startup_stm32f407.o(.text)
    DMA1_Stream1_IRQHandler                  0x080001c5   Thumb Code     0  startup_stm32f407.o(.text)
    DMA1_Stream2_IRQHandler                  0x080001c5   Thumb Code     0  startup_stm32f407.o(.text)
    DMA1_Stream3_IRQHandler                  0x080001c5   Thumb Code     0  startup_stm32f407.o(.text)
    DMA1_Stream4_IRQHandler                  0x080001c5   Thumb Code     0  startup_stm32f407.o(.text)
    DMA1_Stream5_IRQHandler                  0x080001c5   Thumb Code     0  startup_stm32f407.o(.text)
    DMA1_Stream6_IRQHandler                  0x080001c5   Thumb Code     0  startup_stm32f407.o(.text)
    DMA1_Stream7_IRQHandler                  0x080001c5   Thumb Code     0  startup_stm32f407.o(.text)
    DMA2D_IRQHandler                         0x080001c5   Thumb Code     0  startup_stm32f407.o(.text)
    DMA2_Stream0_IRQHandler                  0x080001c5   Thumb Code     0  startup_stm32f407.o(.text)
    DMA2_Stream1_IRQHandler                  0x080001c5   Thumb Code     0  startup_stm32f407.o(.text)
    DMA2_Stream2_IRQHandler                  0x080001c5   Thumb Code     0  startup_stm32f407.o(.text)
    DMA2_Stream3_IRQHandler                  0x080001c5   Thumb Code     0  startup_stm32f407.o(.text)
    DMA2_Stream4_IRQHandler                  0x080001c5   Thumb Code     0  startup_stm32f407.o(.text)
    DMA2_Stream5_IRQHandler                  0x080001c5   Thumb Code     0  startup_stm32f407.o(.text)
    DMA2_Stream6_IRQHandler                  0x080001c5   Thumb Code     0  startup_stm32f407.o(.text)
    DMA2_Stream7_IRQHandler                  0x080001c5   Thumb Code     0  startup_stm32f407.o(.text)
    ETH_IRQHandler                           0x080001c5   Thumb Code     0  startup_stm32f407.o(.text)
    ETH_WKUP_IRQHandler                      0x080001c5   Thumb Code     0  startup_stm32f407.o(.text)
    EXTI0_IRQHandler                         0x080001c5   Thumb Code     0  startup_stm32f407.o(.text)
    EXTI15_10_IRQHandler                     0x080001c5   Thumb Code     0  startup_stm32f407.o(.text)
    EXTI1_IRQHandler                         0x080001c5   Thumb Code     0  startup_stm32f407.o(.text)
    EXTI2_IRQHandler                         0x080001c5   Thumb Code     0  startup_stm32f407.o(.text)
    EXTI3_IRQHandler                         0x080001c5   Thumb Code     0  startup_stm32f407.o(.text)
    EXTI4_IRQHandler                         0x080001c5   Thumb Code     0  startup_stm32f407.o(.text)
    EXTI9_5_IRQHandler                       0x080001c5   Thumb Code     0  startup_stm32f407.o(.text)
    FLASH_IRQHandler                         0x080001c5   Thumb Code     0  startup_stm32f407.o(.text)
    FMC_IRQHandler                           0x080001c5   Thumb Code     0  startup_stm32f407.o(.text)
    FPU_IRQHandler                           0x080001c5   Thumb Code     0  startup_stm32f407.o(.text)
    HASH_RNG_IRQHandler                      0x080001c5   Thumb Code     0  startup_stm32f407.o(.text)
    I2C1_ER_IRQHandler                       0x080001c5   Thumb Code     0  startup_stm32f407.o(.text)
    I2C1_EV_IRQHandler                       0x080001c5   Thumb Code     0  startup_stm32f407.o(.text)
    I2C2_ER_IRQHandler                       0x080001c5   Thumb Code     0  startup_stm32f407.o(.text)
    I2C2_EV_IRQHandler                       0x080001c5   Thumb Code     0  startup_stm32f407.o(.text)
    I2C3_ER_IRQHandler                       0x080001c5   Thumb Code     0  startup_stm32f407.o(.text)
    I2C3_EV_IRQHandler                       0x080001c5   Thumb Code     0  startup_stm32f407.o(.text)
    LTDC_ER_IRQHandler                       0x080001c5   Thumb Code     0  startup_stm32f407.o(.text)
    LTDC_IRQHandler                          0x080001c5   Thumb Code     0  startup_stm32f407.o(.text)
    OTG_FS_IRQHandler                        0x080001c5   Thumb Code     0  startup_stm32f407.o(.text)
    OTG_FS_WKUP_IRQHandler                   0x080001c5   Thumb Code     0  startup_stm32f407.o(.text)
    OTG_HS_EP1_IN_IRQHandler                 0x080001c5   Thumb Code     0  startup_stm32f407.o(.text)
    OTG_HS_EP1_OUT_IRQHandler                0x080001c5   Thumb Code     0  startup_stm32f407.o(.text)
    OTG_HS_IRQHandler                        0x080001c5   Thumb Code     0  startup_stm32f407.o(.text)
    OTG_HS_WKUP_IRQHandler                   0x080001c5   Thumb Code     0  startup_stm32f407.o(.text)
    PVD_IRQHandler                           0x080001c5   Thumb Code     0  startup_stm32f407.o(.text)
    RCC_IRQHandler                           0x080001c5   Thumb Code     0  startup_stm32f407.o(.text)
    RTC_Alarm_IRQHandler                     0x080001c5   Thumb Code     0  startup_stm32f407.o(.text)
    RTC_WKUP_IRQHandler                      0x080001c5   Thumb Code     0  startup_stm32f407.o(.text)
    SAI1_IRQHandler                          0x080001c5   Thumb Code     0  startup_stm32f407.o(.text)
    SDIO_IRQHandler                          0x080001c5   Thumb Code     0  startup_stm32f407.o(.text)
    SPI1_IRQHandler                          0x080001c5   Thumb Code     0  startup_stm32f407.o(.text)
    SPI2_IRQHandler                          0x080001c5   Thumb Code     0  startup_stm32f407.o(.text)
    SPI3_IRQHandler                          0x080001c5   Thumb Code     0  startup_stm32f407.o(.text)
    SPI4_IRQHandler                          0x080001c5   Thumb Code     0  startup_stm32f407.o(.text)
    SPI5_IRQHandler                          0x080001c5   Thumb Code     0  startup_stm32f407.o(.text)
    SPI6_IRQHandler                          0x080001c5   Thumb Code     0  startup_stm32f407.o(.text)
    TAMP_STAMP_IRQHandler                    0x080001c5   Thumb Code     0  startup_stm32f407.o(.text)
    TIM1_BRK_TIM9_IRQHandler                 0x080001c5   Thumb Code     0  startup_stm32f407.o(.text)
    TIM1_CC_IRQHandler                       0x080001c5   Thumb Code     0  startup_stm32f407.o(.text)
    TIM1_TRG_COM_TIM11_IRQHandler            0x080001c5   Thumb Code     0  startup_stm32f407.o(.text)
    TIM1_UP_TIM10_IRQHandler                 0x080001c5   Thumb Code     0  startup_stm32f407.o(.text)
    TIM2_IRQHandler                          0x080001c5   Thumb Code     0  startup_stm32f407.o(.text)
    TIM3_IRQHandler                          0x080001c5   Thumb Code     0  startup_stm32f407.o(.text)
    TIM4_IRQHandler                          0x080001c5   Thumb Code     0  startup_stm32f407.o(.text)
    TIM5_IRQHandler                          0x080001c5   Thumb Code     0  startup_stm32f407.o(.text)
    TIM6_DAC_IRQHandler                      0x080001c5   Thumb Code     0  startup_stm32f407.o(.text)
    TIM7_IRQHandler                          0x080001c5   Thumb Code     0  startup_stm32f407.o(.text)
    TIM8_BRK_TIM12_IRQHandler                0x080001c5   Thumb Code     0  startup_stm32f407.o(.text)
    TIM8_CC_IRQHandler                       0x080001c5   Thumb Code     0  startup_stm32f407.o(.text)
    TIM8_TRG_COM_TIM14_IRQHandler            0x080001c5   Thumb Code     0  startup_stm32f407.o(.text)
    TIM8_UP_TIM13_IRQHandler                 0x080001c5   Thumb Code     0  startup_stm32f407.o(.text)
    UART4_IRQHandler                         0x080001c5   Thumb Code     0  startup_stm32f407.o(.text)
    UART5_IRQHandler                         0x080001c5   Thumb Code     0  startup_stm32f407.o(.text)
    UART7_IRQHandler                         0x080001c5   Thumb Code     0  startup_stm32f407.o(.text)
    UART8_IRQHandler                         0x080001c5   Thumb Code     0  startup_stm32f407.o(.text)
    USART1_IRQHandler                        0x080001c5   Thumb Code     0  startup_stm32f407.o(.text)
    USART2_IRQHandler                        0x080001c5   Thumb Code     0  startup_stm32f407.o(.text)
    USART3_IRQHandler                        0x080001c5   Thumb Code     0  startup_stm32f407.o(.text)
    USART6_IRQHandler                        0x080001c5   Thumb Code     0  startup_stm32f407.o(.text)
    WWDG_IRQHandler                          0x080001c5   Thumb Code     0  startup_stm32f407.o(.text)
    __user_initial_stackheap                 0x080001c9   Thumb Code     0  startup_stm32f407.o(.text)
    __use_two_region_memory                  0x080001e9   Thumb Code     2  heapauxi.o(.text)
    __rt_heap_escrow$2region                 0x080001eb   Thumb Code     2  heapauxi.o(.text)
    __rt_heap_expand$2region                 0x080001ed   Thumb Code     2  heapauxi.o(.text)
    start                                    0x080001f1   Thumb Code    60  svc.o(mycode)
    SVC_Handler                              0x0800022d   Thumb Code    42  svc.o(mycode)
    HardFault_Handler                        0x08000257   Thumb Code     4  svc.o(mycode)



==============================================================================

Memory Map of the image

  Image Entry point : 0x080001f1

  Load Region LR_IROM1 (Base: 0x08000000, Size: 0x0000025c, Max: 0x00004000, ABSOLUTE)

    Execution Region ER_IROM1 (Exec base: 0x08000000, Load base: 0x08000000, Size: 0x0000025c, Max: 0x00004000, ABSOLUTE)

    Exec Addr    Load Addr    Size         Type   Attr      Idx    E Section Name        Object

    0x08000000   0x08000000   0x000001ac   Data   RO            3    RESET               startup_stm32f407.o
    0x080001ac   0x080001ac   0x0000003c   Code   RO            4    .text               startup_stm32f407.o
    0x080001e8   0x080001e8   0x00000006   Code   RO           16    .text               c_w.l(heapauxi.o)
    0x080001ee   0x080001ee   0x00000002   PAD
    0x080001f0   0x080001f0   0x0000006a   Code   RO           10  * mycode              svc.o


    Execution Region RW_IRAM1 (Exec base: 0x20000000, Load base: 0x0800025c, Size: 0x00000600, Max: 0x00030000, ABSOLUTE)

    Exec Addr    Load Addr    Size         Type   Attr      Idx    E Section Name        Object

    0x20000000        -       0x00000200   Zero   RW            2    HEAP                startup_stm32f407.o
    0x20000200        -       0x00000400   Zero   RW            1    STACK               startup_stm32f407.o


==============================================================================

Image component sizes


      Code (inc. data)   RO Data    RW Data    ZI Data      Debug   Object Name

        60         24        428          0       1536        912   startup_stm32f407.o
       106          0          0          0          0        428   svc.o

    ----------------------------------------------------------------------
       168         24        428          0       1536       1340   Object Totals
         0          0          0          0          0          0   (incl. Generated)
         2          0          0          0          0          0   (incl. Padding)

    ----------------------------------------------------------------------

      Code (inc. data)   RO Data    RW Data    ZI Data      Debug   Library Member Name

         6          0          0          0          0        152   heapauxi.o

    ----------------------------------------------------------------------
         8          0          0          0          0        152   Library Totals
         2          0          0          0          0          0   (incl. Padding)

    ----------------------------------------------------------------------

      Code (inc. data)   RO Data    RW Data    ZI Data      Debug   Library Name

         6          0          0          0          0        152   c_w.l

    ----------------------------------------------------------------------
         8          0          0          0          0        152   Library Totals

    ----------------------------------------------------------------------

==============================================================================


      Code (inc. data)   RO Data    RW Data    ZI Data      Debug   

       176         24        428          0       1536       1392   Grand Totals
       176         24        428          0       1536       1392   ELF Image Totals
       176         24        428          0          0          0   ROM Totals

==============================================================================

    Total RO  Size (Code + RO Data)                  604 (   0.59kB)
    Total RW  Size (RW Data + ZI Data)              1536 (   1.50kB)
    Total ROM Size (Code + RO Data + RW Data)        604 (   0.59kB)

==============================================================================

